// Jest Snapshot v1, https://goo.gl/fbAQLP

exports[`Chained TypeScript and JSONSchema conversion respects inheritance when flattening subclasses to a union type 1`] = `
{
  "$ref": "#/definitions/IDecorator",
  "$schema": "http://json-schema.org/draft-07/schema#",
  "definitions": {
    "DecoratorLiteralUnion": {
      "anyOf": [
        {
          "$ref": "#/definitions/IDecoratorString",
        },
        {
          "$ref": "#/definitions/IDecoratorNumber",
        },
        {
          "$ref": "#/definitions/IDecoratorBoolean",
        },
        {
          "$ref": "#/definitions/IDecoratorTypeReference",
        },
      ],
    },
    "IDecorator": {
      "additionalProperties": false,
      "properties": {
        "$class": {
          "type": "string",
        },
        "arguments": {
          "items": {
            "$ref": "#/definitions/DecoratorLiteralUnion",
          },
          "type": "array",
        },
        "location": {
          "$ref": "#/definitions/IRange",
        },
        "name": {
          "type": "string",
        },
      },
      "required": [
        "$class",
        "name",
      ],
      "type": "object",
    },
    "IDecoratorBoolean": {
      "additionalProperties": false,
      "properties": {
        "$class": {
          "type": "string",
        },
        "location": {
          "$ref": "#/definitions/IRange",
        },
        "value": {
          "type": "boolean",
        },
      },
      "required": [
        "$class",
        "value",
      ],
      "type": "object",
    },
    "IDecoratorNumber": {
      "additionalProperties": false,
      "properties": {
        "$class": {
          "type": "string",
        },
        "location": {
          "$ref": "#/definitions/IRange",
        },
        "value": {
          "type": "number",
        },
      },
      "required": [
        "$class",
        "value",
      ],
      "type": "object",
    },
    "IDecoratorString": {
      "additionalProperties": false,
      "properties": {
        "$class": {
          "type": "string",
        },
        "location": {
          "$ref": "#/definitions/IRange",
        },
        "value": {
          "type": "string",
        },
      },
      "required": [
        "$class",
        "value",
      ],
      "type": "object",
    },
    "IDecoratorTypeReference": {
      "additionalProperties": false,
      "properties": {
        "$class": {
          "type": "string",
        },
        "isArray": {
          "type": "boolean",
        },
        "location": {
          "$ref": "#/definitions/IRange",
        },
        "type": {
          "$ref": "#/definitions/ITypeIdentifier",
        },
      },
      "required": [
        "$class",
        "isArray",
        "type",
      ],
      "type": "object",
    },
    "IPosition": {
      "additionalProperties": false,
      "properties": {
        "$class": {
          "type": "string",
        },
        "column": {
          "type": "number",
        },
        "line": {
          "type": "number",
        },
        "offset": {
          "type": "number",
        },
      },
      "required": [
        "$class",
        "column",
        "line",
        "offset",
      ],
      "type": "object",
    },
    "IRange": {
      "additionalProperties": false,
      "properties": {
        "$class": {
          "type": "string",
        },
        "end": {
          "$ref": "#/definitions/IPosition",
        },
        "source": {
          "type": "string",
        },
        "start": {
          "$ref": "#/definitions/IPosition",
        },
      },
      "required": [
        "$class",
        "end",
        "start",
      ],
      "type": "object",
    },
    "ITypeIdentifier": {
      "additionalProperties": false,
      "properties": {
        "$class": {
          "type": "string",
        },
        "name": {
          "type": "string",
        },
        "namespace": {
          "type": "string",
        },
      },
      "required": [
        "$class",
        "name",
      ],
      "type": "object",
    },
  },
}
`;
