// Jest Snapshot v1, https://goo.gl/fbAQLP

exports[`VocabularyManager decorateModels 1`] = `
Object {
  "$class": "org.accordproject.decoratorcommands@0.4.0.DecoratorCommandSet",
  "commands": Array [
    Object {
      "$class": "org.accordproject.decoratorcommands@0.4.0.Command",
      "decorator": Object {
        "$class": "concerto.metamodel@1.0.0.Decorator",
        "arguments": Array [
          Object {
            "$class": "concerto.metamodel@1.0.0.DecoratorString",
            "value": "A colour",
          },
        ],
        "name": "Term",
      },
      "target": Object {
        "$class": "org.accordproject.decoratorcommands@0.4.0.CommandTarget",
        "declaration": "Color",
        "namespace": "org.acme@1.0.0",
      },
      "type": "UPSERT",
    },
    Object {
      "$class": "org.accordproject.decoratorcommands@0.4.0.Command",
      "decorator": Object {
        "$class": "concerto.metamodel@1.0.0.Decorator",
        "arguments": Array [
          Object {
            "$class": "concerto.metamodel@1.0.0.DecoratorString",
            "value": "RED of the Color",
          },
        ],
        "name": "Term",
      },
      "target": Object {
        "$class": "org.accordproject.decoratorcommands@0.4.0.CommandTarget",
        "declaration": "Color",
        "namespace": "org.acme@1.0.0",
        "property": "RED",
      },
      "type": "UPSERT",
    },
    Object {
      "$class": "org.accordproject.decoratorcommands@0.4.0.Command",
      "decorator": Object {
        "$class": "concerto.metamodel@1.0.0.Decorator",
        "arguments": Array [
          Object {
            "$class": "concerto.metamodel@1.0.0.DecoratorString",
            "value": "BLUE of the Color",
          },
        ],
        "name": "Term",
      },
      "target": Object {
        "$class": "org.accordproject.decoratorcommands@0.4.0.CommandTarget",
        "declaration": "Color",
        "namespace": "org.acme@1.0.0",
        "property": "BLUE",
      },
      "type": "UPSERT",
    },
    Object {
      "$class": "org.accordproject.decoratorcommands@0.4.0.Command",
      "decorator": Object {
        "$class": "concerto.metamodel@1.0.0.Decorator",
        "arguments": Array [
          Object {
            "$class": "concerto.metamodel@1.0.0.DecoratorString",
            "value": "GREEN of the Color",
          },
        ],
        "name": "Term",
      },
      "target": Object {
        "$class": "org.accordproject.decoratorcommands@0.4.0.CommandTarget",
        "declaration": "Color",
        "namespace": "org.acme@1.0.0",
        "property": "GREEN",
      },
      "type": "UPSERT",
    },
    Object {
      "$class": "org.accordproject.decoratorcommands@0.4.0.Command",
      "decorator": Object {
        "$class": "concerto.metamodel@1.0.0.Decorator",
        "arguments": Array [
          Object {
            "$class": "concerto.metamodel@1.0.0.DecoratorString",
            "value": "SSN",
          },
        ],
        "name": "Term",
      },
      "target": Object {
        "$class": "org.accordproject.decoratorcommands@0.4.0.CommandTarget",
        "declaration": "SSN",
        "namespace": "org.acme@1.0.0",
      },
      "type": "UPSERT",
    },
    Object {
      "$class": "org.accordproject.decoratorcommands@0.4.0.Command",
      "decorator": Object {
        "$class": "concerto.metamodel@1.0.0.Decorator",
        "arguments": Array [
          Object {
            "$class": "concerto.metamodel@1.0.0.DecoratorString",
            "value": "A vehicle identification number",
          },
        ],
        "name": "Term",
      },
      "target": Object {
        "$class": "org.accordproject.decoratorcommands@0.4.0.CommandTarget",
        "declaration": "VIN",
        "namespace": "org.acme@1.0.0",
      },
      "type": "UPSERT",
    },
    Object {
      "$class": "org.accordproject.decoratorcommands@0.4.0.Command",
      "decorator": Object {
        "$class": "concerto.metamodel@1.0.0.Decorator",
        "arguments": Array [
          Object {
            "$class": "concerto.metamodel@1.0.0.DecoratorString",
            "value": "A road vehicle",
          },
        ],
        "name": "Term",
      },
      "target": Object {
        "$class": "org.accordproject.decoratorcommands@0.4.0.CommandTarget",
        "declaration": "Vehicle",
        "namespace": "org.acme@1.0.0",
      },
      "type": "UPSERT",
    },
    Object {
      "$class": "org.accordproject.decoratorcommands@0.4.0.Command",
      "decorator": Object {
        "$class": "concerto.metamodel@1.0.0.Decorator",
        "arguments": Array [
          Object {
            "$class": "concerto.metamodel@1.0.0.DecoratorString",
            "value": "Vehicle Identification Number",
          },
        ],
        "name": "Term",
      },
      "target": Object {
        "$class": "org.accordproject.decoratorcommands@0.4.0.CommandTarget",
        "declaration": "Vehicle",
        "namespace": "org.acme@1.0.0",
        "property": "vin",
      },
      "type": "UPSERT",
    },
    Object {
      "$class": "org.accordproject.decoratorcommands@0.4.0.Command",
      "decorator": Object {
        "$class": "concerto.metamodel@1.0.0.Decorator",
        "arguments": Array [
          Object {
            "$class": "concerto.metamodel@1.0.0.DecoratorString",
            "value": "VIN",
          },
        ],
        "name": "Term_tooltip",
      },
      "target": Object {
        "$class": "org.accordproject.decoratorcommands@0.4.0.CommandTarget",
        "declaration": "Vehicle",
        "namespace": "org.acme@1.0.0",
        "property": "vin",
      },
      "type": "UPSERT",
    },
    Object {
      "$class": "org.accordproject.decoratorcommands@0.4.0.Command",
      "decorator": Object {
        "$class": "concerto.metamodel@1.0.0.Decorator",
        "arguments": Array [
          Object {
            "$class": "concerto.metamodel@1.0.0.DecoratorString",
            "value": "Color of the Vehicle",
          },
        ],
        "name": "Term",
      },
      "target": Object {
        "$class": "org.accordproject.decoratorcommands@0.4.0.CommandTarget",
        "declaration": "Vehicle",
        "namespace": "org.acme@1.0.0",
        "property": "color",
      },
      "type": "UPSERT",
    },
    Object {
      "$class": "org.accordproject.decoratorcommands@0.4.0.Command",
      "decorator": Object {
        "$class": "concerto.metamodel@1.0.0.Decorator",
        "arguments": Array [
          Object {
            "$class": "concerto.metamodel@1.0.0.DecoratorString",
            "value": "Identifier of the Asset",
          },
        ],
        "name": "Term",
      },
      "target": Object {
        "$class": "org.accordproject.decoratorcommands@0.4.0.CommandTarget",
        "declaration": "Vehicle",
        "namespace": "org.acme@1.0.0",
        "property": "$identifier",
      },
      "type": "UPSERT",
    },
    Object {
      "$class": "org.accordproject.decoratorcommands@0.4.0.Command",
      "decorator": Object {
        "$class": "concerto.metamodel@1.0.0.Decorator",
        "arguments": Array [
          Object {
            "$class": "concerto.metamodel@1.0.0.DecoratorString",
            "value": "Address of the vehicle",
          },
        ],
        "name": "Term",
      },
      "target": Object {
        "$class": "org.accordproject.decoratorcommands@0.4.0.CommandTarget",
        "declaration": "Address",
        "namespace": "org.acme@1.0.0",
      },
      "type": "UPSERT",
    },
    Object {
      "$class": "org.accordproject.decoratorcommands@0.4.0.Command",
      "decorator": Object {
        "$class": "concerto.metamodel@1.0.0.Decorator",
        "arguments": Array [
          Object {
            "$class": "concerto.metamodel@1.0.0.DecoratorString",
            "value": "Registered address of the vehicle owner",
          },
        ],
        "name": "Term_description",
      },
      "target": Object {
        "$class": "org.accordproject.decoratorcommands@0.4.0.CommandTarget",
        "declaration": "Address",
        "namespace": "org.acme@1.0.0",
      },
      "type": "UPSERT",
    },
    Object {
      "$class": "org.accordproject.decoratorcommands@0.4.0.Command",
      "decorator": Object {
        "$class": "concerto.metamodel@1.0.0.Decorator",
        "arguments": Array [
          Object {
            "$class": "concerto.metamodel@1.0.0.DecoratorString",
            "value": "View Address of vehicle owner",
          },
        ],
        "name": "Term_tooltip",
      },
      "target": Object {
        "$class": "org.accordproject.decoratorcommands@0.4.0.CommandTarget",
        "declaration": "Address",
        "namespace": "org.acme@1.0.0",
      },
      "type": "UPSERT",
    },
    Object {
      "$class": "org.accordproject.decoratorcommands@0.4.0.Command",
      "decorator": Object {
        "$class": "concerto.metamodel@1.0.0.Decorator",
        "arguments": Array [
          Object {
            "$class": "concerto.metamodel@1.0.0.DecoratorString",
            "value": "vin of the vehicle",
          },
        ],
        "name": "Term",
      },
      "target": Object {
        "$class": "org.accordproject.decoratorcommands@0.4.0.CommandTarget",
        "declaration": "Address",
        "mapElement": "KEY",
        "namespace": "org.acme@1.0.0",
      },
      "type": "UPSERT",
    },
    Object {
      "$class": "org.accordproject.decoratorcommands@0.4.0.Command",
      "decorator": Object {
        "$class": "concerto.metamodel@1.0.0.Decorator",
        "arguments": Array [
          Object {
            "$class": "concerto.metamodel@1.0.0.DecoratorString",
            "value": "address of the vehicle",
          },
        ],
        "name": "Term",
      },
      "target": Object {
        "$class": "org.accordproject.decoratorcommands@0.4.0.CommandTarget",
        "declaration": "Address",
        "mapElement": "VALUE",
        "namespace": "org.acme@1.0.0",
      },
      "type": "UPSERT",
    },
    Object {
      "$class": "org.accordproject.decoratorcommands@0.4.0.Command",
      "decorator": Object {
        "$class": "concerto.metamodel@1.0.0.Decorator",
        "arguments": Array [
          Object {
            "$class": "concerto.metamodel@1.0.0.DecoratorString",
            "value": "A lorry",
          },
        ],
        "name": "Term",
      },
      "target": Object {
        "$class": "org.accordproject.decoratorcommands@0.4.0.CommandTarget",
        "declaration": "Truck",
        "namespace": "org.acme@1.0.0",
      },
      "type": "UPSERT",
    },
    Object {
      "$class": "org.accordproject.decoratorcommands@0.4.0.Command",
      "decorator": Object {
        "$class": "concerto.metamodel@1.0.0.Decorator",
        "arguments": Array [
          Object {
            "$class": "concerto.metamodel@1.0.0.DecoratorString",
            "value": "A heavy goods vehicle",
          },
        ],
        "name": "Term_description",
      },
      "target": Object {
        "$class": "org.accordproject.decoratorcommands@0.4.0.CommandTarget",
        "declaration": "Truck",
        "namespace": "org.acme@1.0.0",
      },
      "type": "UPSERT",
    },
    Object {
      "$class": "org.accordproject.decoratorcommands@0.4.0.Command",
      "decorator": Object {
        "$class": "concerto.metamodel@1.0.0.Decorator",
        "arguments": Array [
          Object {
            "$class": "concerto.metamodel@1.0.0.DecoratorString",
            "value": "The weight of the truck",
          },
        ],
        "name": "Term",
      },
      "target": Object {
        "$class": "org.accordproject.decoratorcommands@0.4.0.CommandTarget",
        "declaration": "Truck",
        "namespace": "org.acme@1.0.0",
        "property": "weight",
      },
      "type": "UPSERT",
    },
    Object {
      "$class": "org.accordproject.decoratorcommands@0.4.0.Command",
      "decorator": Object {
        "$class": "concerto.metamodel@1.0.0.Decorator",
        "arguments": Array [
          Object {
            "$class": "concerto.metamodel@1.0.0.DecoratorString",
            "value": "The weight of the truck in KG",
          },
        ],
        "name": "Term_description",
      },
      "target": Object {
        "$class": "org.accordproject.decoratorcommands@0.4.0.CommandTarget",
        "declaration": "Truck",
        "namespace": "org.acme@1.0.0",
        "property": "weight",
      },
      "type": "UPSERT",
    },
    Object {
      "$class": "org.accordproject.decoratorcommands@0.4.0.Command",
      "decorator": Object {
        "$class": "concerto.metamodel@1.0.0.Decorator",
        "arguments": Array [
          Object {
            "$class": "concerto.metamodel@1.0.0.DecoratorString",
            "value": "Truck weight",
          },
        ],
        "name": "Term_tooltip",
      },
      "target": Object {
        "$class": "org.accordproject.decoratorcommands@0.4.0.CommandTarget",
        "declaration": "Truck",
        "namespace": "org.acme@1.0.0",
        "property": "weight",
      },
      "type": "UPSERT",
    },
    Object {
      "$class": "org.accordproject.decoratorcommands@0.4.0.Command",
      "decorator": Object {
        "$class": "concerto.metamodel@1.0.0.Decorator",
        "arguments": Array [
          Object {
            "$class": "concerto.metamodel@1.0.0.DecoratorString",
            "value": "Vehicle Identification Number",
          },
        ],
        "name": "Term",
      },
      "target": Object {
        "$class": "org.accordproject.decoratorcommands@0.4.0.CommandTarget",
        "declaration": "Truck",
        "namespace": "org.acme@1.0.0",
        "property": "vin",
      },
      "type": "UPSERT",
    },
    Object {
      "$class": "org.accordproject.decoratorcommands@0.4.0.Command",
      "decorator": Object {
        "$class": "concerto.metamodel@1.0.0.Decorator",
        "arguments": Array [
          Object {
            "$class": "concerto.metamodel@1.0.0.DecoratorString",
            "value": "VIN",
          },
        ],
        "name": "Term_tooltip",
      },
      "target": Object {
        "$class": "org.accordproject.decoratorcommands@0.4.0.CommandTarget",
        "declaration": "Truck",
        "namespace": "org.acme@1.0.0",
        "property": "vin",
      },
      "type": "UPSERT",
    },
    Object {
      "$class": "org.accordproject.decoratorcommands@0.4.0.Command",
      "decorator": Object {
        "$class": "concerto.metamodel@1.0.0.Decorator",
        "arguments": Array [
          Object {
            "$class": "concerto.metamodel@1.0.0.DecoratorString",
            "value": "Color of the Vehicle",
          },
        ],
        "name": "Term",
      },
      "target": Object {
        "$class": "org.accordproject.decoratorcommands@0.4.0.CommandTarget",
        "declaration": "Truck",
        "namespace": "org.acme@1.0.0",
        "property": "color",
      },
      "type": "UPSERT",
    },
    Object {
      "$class": "org.accordproject.decoratorcommands@0.4.0.Command",
      "decorator": Object {
        "$class": "concerto.metamodel@1.0.0.Decorator",
        "arguments": Array [
          Object {
            "$class": "concerto.metamodel@1.0.0.DecoratorString",
            "value": "Identifier of the Asset",
          },
        ],
        "name": "Term",
      },
      "target": Object {
        "$class": "org.accordproject.decoratorcommands@0.4.0.CommandTarget",
        "declaration": "Truck",
        "namespace": "org.acme@1.0.0",
        "property": "$identifier",
      },
      "type": "UPSERT",
    },
    Object {
      "$class": "org.accordproject.decoratorcommands@0.4.0.Command",
      "decorator": Object {
        "$class": "concerto.metamodel@1.0.0.Decorator",
        "arguments": Array [
          Object {
            "$class": "concerto.metamodel@1.0.0.DecoratorString",
            "value": "Thing",
          },
        ],
        "name": "Term",
      },
      "target": Object {
        "$class": "org.accordproject.decoratorcommands@0.4.0.CommandTarget",
        "declaration": "Thing",
        "namespace": "org.accordproject@1.0.0",
      },
      "type": "UPSERT",
    },
    Object {
      "$class": "org.accordproject.decoratorcommands@0.4.0.Command",
      "decorator": Object {
        "$class": "concerto.metamodel@1.0.0.Decorator",
        "arguments": Array [
          Object {
            "$class": "concerto.metamodel@1.0.0.DecoratorString",
            "value": "Name of the Thing",
          },
        ],
        "name": "Term",
      },
      "target": Object {
        "$class": "org.accordproject.decoratorcommands@0.4.0.CommandTarget",
        "declaration": "Thing",
        "namespace": "org.accordproject@1.0.0",
        "property": "name",
      },
      "type": "UPSERT",
    },
  ],
  "name": "terms-en-GB",
  "version": "1.0.0",
}
`;
